Info: Starting: Create block symbol file (.bsf)
Info: qsys-generate H:\juanjm2_git\micArray\I2S_AUD_IP\base\line_in.qsys --block-symbol-file --output-directory=H:\juanjm2_git\micArray\I2S_AUD_IP\base\line_in --family="Cyclone V" --part=5CSEMA5F31C6
Progress: Loading base/line_in.qsys
Progress: Reading input file
Progress: Adding audio_0 [altera_up_avalon_audio 17.1]
Progress: Parameterizing module audio_0
Progress: Adding audio_and_video_config_0 [altera_up_avalon_audio_and_video_config 17.1]
Progress: Parameterizing module audio_and_video_config_0
Progress: Adding clk_0 [clock_source 17.1]
Progress: Parameterizing module clk_0
Progress: Building connections
Progress: Parameterizing connections
Progress: Validating
Progress: Done reading input file
Warning: line_in.audio_and_video_config_0: audio_and_video_config_0.avalon_av_config_slave must be connected to an Avalon-MM master
Info: qsys-generate succeeded.
Info: Finished: Create block symbol file (.bsf)
Info: 
Info: Starting: Create HDL design files for synthesis
Info: qsys-generate H:\juanjm2_git\micArray\I2S_AUD_IP\base\line_in.qsys --synthesis=VERILOG --output-directory=H:\juanjm2_git\micArray\I2S_AUD_IP\base\line_in\synthesis --family="Cyclone V" --part=5CSEMA5F31C6
Progress: Loading base/line_in.qsys
Progress: Reading input file
Progress: Adding audio_0 [altera_up_avalon_audio 17.1]
Progress: Parameterizing module audio_0
Progress: Adding audio_and_video_config_0 [altera_up_avalon_audio_and_video_config 17.1]
Progress: Parameterizing module audio_and_video_config_0
Progress: Adding clk_0 [clock_source 17.1]
Progress: Parameterizing module clk_0
Progress: Building connections
Progress: Parameterizing connections
Progress: Validating
Progress: Done reading input file
Warning: line_in.audio_and_video_config_0: audio_and_video_config_0.avalon_av_config_slave must be connected to an Avalon-MM master
Info: line_in: Generating line_in "line_in" for QUARTUS_SYNTH
Info: audio_0: Starting Generation of Audio Controller
Info: audio_0: "line_in" instantiated altera_up_avalon_audio "audio_0"
Info: audio_and_video_config_0: Starting Generation of Audio and Video Config
Info: audio_and_video_config_0: "line_in" instantiated altera_up_avalon_audio_and_video_config "audio_and_video_config_0"
Info: rst_controller: "line_in" instantiated altera_reset_controller "rst_controller"
Info: line_in: Done "line_in" with 4 modules, 25 files
Info: qsys-generate succeeded.
Info: Finished: Create HDL design files for synthesis
